// Jest Snapshot v1, https://goo.gl/fbAQLP

exports[`GameListItem component renders the item as expected 1`] = `
<section
  className="Section GameListItem"
>
  <header
    className="GameListItem__header"
  >
    <a
      className="GameListItem__link"
      href="/review/undefined"
      onClick={[Function]}
    >
      <h2
        className="GameListItem__heading"
      />
      <img
        alt="Game cover art for undefined"
        className="GameListItem__cover"
      />
    </a>
    <h3>
      Average Rating: 
    </h3>
  </header>
  <div
    className="GameListItem__info"
  >
    <h4>
      Description
    </h4>
    <p />
    <p>
      <strong>
        Rated:
      </strong>
       
    </p>
    <p>
      <strong>
        Platforms:
      </strong>
       
    </p>
  </div>
</section>
`;
