// Jest Snapshot v1, https://goo.gl/fbAQLP

exports[`ReviewList component renders the list as expected 1`] = `
<section
  className="Section Section--list ReviewList"
>
  <section
    className="Section ReviewListItem"
  >
    <h4>
      "
      The greatest game of all time
      "
    </h4>
    <p>
      Rating: 
      10
    </p>
    <div
      className="reviewInfo"
    >
      <p>
        Lorem ipsum dolor sit amet, consectetur adipiscing elit. Proin fermentum lorem malesuada, posuere felis sed, ultrices orci. Phasellus varius neque eget lobortis mollis. Cras non venenatis nibh. Maecenas in nulla ut tellus dictum mollis. Maecenas libero velit, accumsan et ultrices vel, dapibus venenatis nibh. Sed nisi tellus, ullamcorper non neque eu, pharetra mattis risus. Sed metus ipsum, dignissim nec risus eget, pellentesque tincidunt enim. Quisque dui urna, pellentesque eu odio eget, imperdiet rutrum magna.
      </p>
    </div>
  </section>
  <section
    className="Section ReviewListItem"
  >
    <h4>
      "
      My favorite game
      "
    </h4>
    <p>
      Rating: 
      9
    </p>
    <div
      className="reviewInfo"
    >
      <p>
        Lorem ipsum dolor sit amet, consectetur adipiscing elit. Proin fermentum lorem malesuada, posuere felis sed, ultrices orci. Phasellus varius neque eget lobortis mollis. Cras non venenatis nibh. Maecenas in nulla ut tellus dictum mollis. Maecenas libero velit, accumsan et ultrices vel, dapibus venenatis nibh. Sed nisi tellus, ullamcorper non neque eu, pharetra mattis risus. Sed metus ipsum, dignissim nec risus eget, pellentesque tincidunt enim. Quisque dui urna, pellentesque eu odio eget, imperdiet rutrum magna.
      </p>
    </div>
  </section>
  <section
    className="Section ReviewListItem"
  >
    <h4>
      "
      Simply, the best
      "
    </h4>
    <p>
      Rating: 
      10
    </p>
    <div
      className="reviewInfo"
    >
      <p>
        Lorem ipsum dolor sit amet, consectetur adipiscing elit. Proin fermentum lorem malesuada, posuere felis sed, ultrices orci. Phasellus varius neque eget lobortis mollis. Cras non venenatis nibh. Maecenas in nulla ut tellus dictum mollis. Maecenas libero velit, accumsan et ultrices vel, dapibus venenatis nibh. Sed nisi tellus, ullamcorper non neque eu, pharetra mattis risus. Sed metus ipsum, dignissim nec risus eget, pellentesque tincidunt enim. Quisque dui urna, pellentesque eu odio eget, imperdiet rutrum magna.
      </p>
    </div>
  </section>
</section>
`;
