// Jest Snapshot v1, https://goo.gl/fbAQLP

exports[`AddGameForm component renders the form as expected 1`] = `
<form
  className="AddGameForm"
  onSubmit={[Function]}
>
  <div
    className="AddGameForm__title"
  >
    <label
      htmlFor="title"
    >
      Game title 
      <span
        className="Required "
      >
        *
      </span>
    </label>
    <input
      className="Input "
      id="title"
      name="title"
      required={true}
      type="text"
    />
  </div>
  <div
    className="AddGameForm__description"
  >
    <label
      htmlFor="description"
    >
      Game description 
      <span
        className="Required "
      >
        *
      </span>
    </label>
    <textarea
      aria-label="Write a brief description..."
      className="Textarea "
      id="description"
      name="description"
      placeholder="Write a brief description..."
      required={true}
      rows="15"
    />
  </div>
  <div
    className="AddGameForm__rated"
  >
    <label
      htmlFor="rated"
    >
      Rated 
      <span
        className="Required "
      >
        *
      </span>
    </label>
    <input
      className="Input "
      id="rated"
      name="rated"
      placeholder="E, T, M, etc."
      required={true}
      type="text"
    />
  </div>
  <div
    className="AddGameForm__platforms"
  >
    <label
      htmlFor="platforms"
    >
      Platforms 
      <span
        className="Required "
      >
        *
      </span>
    </label>
    <input
      className="Input "
      id="platforms"
      name="platforms"
      placeholder="Playstation, Xbox, PC, etc."
      required={true}
      type="text"
    />
  </div>
  <div
    className="AddGameForm__buttons"
  >
    <button
      className="Button "
      type="submit"
    >
      Add Game
    </button>
    <button
      className="Button "
      onClick={[Function]}
    >
      Cancel
    </button>
  </div>
</form>
`;
