// Jest Snapshot v1, https://goo.gl/fbAQLP

exports[`Header component renders the UI as expected 1`] = `
<nav
  className="Header"
>
  <h1>
    <a
      href="/games"
      onClick={[Function]}
    >
      GamesNet
    </a>
  </h1>
  <div
    className="Header__not-logged-in"
  >
    <a
      href="/"
      onClick={[Function]}
    >
      Log in
    </a>
    <span
      className="Hyph"
    >
       - 
    </span>
    <a
      href="/register"
      onClick={[Function]}
    >
      Register
    </a>
  </div>
</nav>
`;
