// Jest Snapshot v1, https://goo.gl/fbAQLP

exports[`SearchForm component renders the form as expected 1`] = `
<form
  className="searchBarNav"
  onSubmit={[Function]}
>
  <label
    htmlFor="search"
  >
    Search: 
  </label>
  <input
    id="search"
    name="search"
    onChange={[Function]}
    type="text"
    value=""
  />
  <label
    htmlFor="sort"
  >
    Sort: 
  </label>
  <select
    id="sort"
    name="sort"
    onChange={[Function]}
    value="title"
  >
    <option
      value="title"
    >
      Title
    </option>
    <option
      value="avg_rating"
    >
      Rating
    </option>
  </select>
  <button
    type="submit"
  >
    Go
  </button>
</form>
`;
