// Jest Snapshot v1, https://goo.gl/fbAQLP

exports[`AddReviewForm component renders the form as expected 1`] = `
<form
  className="AddReviewForm"
  onSubmit={[Function]}
>
  <div
    className="AddReviewForm__title"
  >
    <label
      htmlFor="review-title"
    >
      Review title 
      <span
        className="Required "
      >
        *
      </span>
    </label>
    <input
      className="Input "
      id="review-title"
      name="title"
      required={true}
      type="text"
    />
  </div>
  <div
    className="AddReviewForm__rating"
  >
    <label
      htmlFor="game-rating"
    >
      Rating 
      <span
        className="Required "
      >
        *
      </span>
    </label>
    <select
      id="game-rating"
      name="rating"
      required={true}
    >
      <option
        value="1"
      >
        1
      </option>
      <option
        value="2"
      >
        2
      </option>
      <option
        value="3"
      >
        3
      </option>
      <option
        value="4"
      >
        4
      </option>
      <option
        value="5"
      >
        5
      </option>
      <option
        value="6"
      >
        6
      </option>
      <option
        value="7"
      >
        7
      </option>
      <option
        value="8"
      >
        8
      </option>
      <option
        value="9"
      >
        9
      </option>
      <option
        value="10"
      >
        10
      </option>
    </select>
  </div>
  <div
    className="AddReviewForm__game-review"
  >
    <label
      htmlFor="game-review"
    >
      Game review 
      <span
        className="Required "
      >
        *
      </span>
    </label>
    <textarea
      aria-label="Write your review..."
      className="Textarea "
      id="game-review"
      name="review"
      placeholder="Write your review..."
      required={true}
      rows="15"
    />
  </div>
  <div
    className="AddReviewForm__buttons"
  >
    <button
      className="Button "
      type="submit"
    >
      Add Review
    </button>
    <button
      className="Button "
      onClick={[Function]}
    >
      Cancel
    </button>
  </div>
</form>
`;
