// Jest Snapshot v1, https://goo.gl/fbAQLP

exports[`RegistrationForm component renders the form as expected 1`] = `
<form
  className="RegistrationForm"
  onSubmit={[Function]}
>
  <div
    role="alert"
  />
  <div
    className="full_name"
  >
    <label
      htmlFor="RegistrationForm__full_name"
    >
      Full name 
      <span
        className="Required "
      >
        *
      </span>
    </label>
    <input
      className="Input "
      id="RegistrationForm__full_name"
      name="fullname"
      required={true}
      type="text"
    />
  </div>
  <div
    className="user_name"
  >
    <label
      htmlFor="RegistrationForm__user_name"
    >
      Username 
      <span
        className="Required "
      >
        *
      </span>
    </label>
    <input
      className="Input "
      id="RegistrationForm__user_name"
      name="username"
      required={true}
      type="text"
    />
  </div>
  <div
    className="password"
  >
    <label
      htmlFor="RegistrationForm__password"
    >
      Password 
      <span
        className="Required "
      >
        *
      </span>
    </label>
    <input
      className="Input "
      id="RegistrationForm__password"
      name="password"
      required={true}
      type="password"
    />
  </div>
  <div
    className="RegistrationForm__buttons"
  >
    <button
      className="Button "
      type="submit"
    >
      Register
    </button>
    <button
      className="Button "
      onClick={[Function]}
    >
      Cancel
    </button>
  </div>
</form>
`;
